Applied autostash.
2026-05-19 13:03:13 [full] committed local changes
2026-05-19 13:03:17 [full] pushed
2026-05-19 13:24:38 [full] committed local changes
2026-05-19 13:24:42 [full] pushed
2026-05-19 13:35:18 [full] committed local changes
2026-05-19 13:35:23 [full] pushed
2026-05-19 13:45:51 [full] committed local changes
2026-05-19 13:45:55 [full] pushed
2026-05-19 13:56:24 [full] committed local changes
2026-05-19 13:56:28 [full] pushed
2026-05-19 14:06:57 [full] committed local changes
2026-05-19 14:07:01 [full] pushed
2026-05-19 14:17:32 [full] committed local changes
2026-05-19 14:17:36 [full] pushed
2026-05-19 14:28:04 [full] committed local changes
2026-05-19 14:28:08 [full] pushed
2026-05-19 14:38:36 [full] committed local changes
2026-05-19 14:38:41 [full] pushed
2026-05-19 14:49:09 [full] committed local changes
2026-05-19 14:49:13 [full] pushed
2026-05-19 15:47:29 [full] committed local changes
2026-05-19 15:47:35 [full] pushed
2026-05-19 15:58:11 [full] committed local changes
2026-05-19 15:58:16 [full] pushed
2026-05-19 16:08:52 [full] committed local changes
2026-05-19 16:09:00 [full] pushed
2026-05-19 17:16:15 [full] committed local changes
2026-05-19 17:16:20 [full] pushed
ssh: connect to host github.com port 22: Undefined error: 0
fatal: Could not read from remote repository.

Please make sure you have the correct access rights
and the repository exists.
2026-05-19 17:30:23 [full] pull/rebase failed — left local intact, will retry next run
2026-05-19 17:30:23 [full] committed local changes
Connection closed by 140.82.116.4 port 22
fatal: Could not read from remote repository.

Please make sure you have the correct access rights
and the repository exists.
2026-05-19 19:02:58 [full] push failed — will retry next run
2026-05-19 23:16:16 [full] committed local changes
2026-05-19 23:16:20 [full] pushed
2026-05-19 23:26:46 [full] committed local changes
2026-05-19 23:26:50 [full] pushed
2026-05-19 23:37:18 [full] committed local changes
2026-05-19 23:37:22 [full] pushed
2026-05-19 23:47:49 [full] committed local changes
2026-05-19 23:47:52 [full] pushed
2026-05-19 23:58:18 [full] committed local changes
2026-05-19 23:58:22 [full] pushed
